[
    {
        "General": {
            "County": "DURHAM",
            "File No": "88CR0121",
            "District": "Yes"
        },
        "Case Information": {
            "Case Status": "DISPOSED",
            "Offense Date": "1988-05-01T00:00:00",
            "Arrest Date": "1988-05-01"
        },
        "Defendant": {
            "Name": "YA",
            "Race": "WHITE",
            "Sex": "F"
        },
        "District Court Offense Information": [
            {
                "Records": [
                    {
                        "Count": "01",
                        "Action": "CHARGED",
                        "Description": "POSSESS MARIJUANA UP TO 1/2 OZ",
                        "Severity": "MISDEMEANOR",
                        "Law": "G.S. 90-95(D)(4)"
                    }
                ],
                "Disposed On": "1988-10-07",
                "Disposition Method": "DISMISSAL WITHOUT LEAVE BY DA"
            }
        ],
        "Superior Court Offense Information": [],
        "_meta": {}
    }
]